[0.006s] Invoking command in '/home/omarads/gz_ws/src/turtlebot3-autonomous-patrol/build/turtlebot3_autonomous_patrol': CMAKE_PREFIX_PATH=${CMAKE_PREFIX_PATH}:/opt/ros/jazzy CONDA_PROMPT_MODIFIER=(base) DEBUGINFOD_URLS=https://debuginfod.ubuntu.com /usr/bin/cmake /home/omarads/gz_ws/src/turtlebot3-autonomous-patrol -DCMAKE_INSTALL_PREFIX=/home/omarads/gz_ws/src/turtlebot3-autonomous-patrol/install/turtlebot3_autonomous_patrol
[0.051s] -- The C compiler identification is GNU 13.3.0
[0.089s] -- The CXX compiler identification is GNU 13.3.0
[0.100s] -- Detecting C compiler ABI info
[0.232s] -- Detecting C compiler ABI info - done
[0.246s] -- Check for working C compiler: /usr/bin/cc - skipped
[0.247s] -- Detecting C compile features
[0.247s] -- Detecting C compile features - done
[0.261s] -- Detecting CXX compiler ABI info
[0.411s] -- Detecting CXX compiler ABI info - done
[0.428s] -- Check for working CXX compiler: /usr/bin/c++ - skipped
[0.428s] -- Detecting CXX compile features
[0.429s] -- Detecting CXX compile features - done
[0.432s] -- Found ament_cmake: 2.5.6 (/opt/ros/jazzy/share/ament_cmake/cmake)
[0.532s] -- Found Python3: /home/omarads/miniconda3/bin/python3 (found version "3.14.6") found components: Interpreter 
[0.665s] -- Configuring done (0.7s)
[0.666s] -- Generating done (0.0s)
[0.666s] -- Build files have been written to: /home/omarads/gz_ws/src/turtlebot3-autonomous-patrol/build/turtlebot3_autonomous_patrol
[0.670s] Invoked command in '/home/omarads/gz_ws/src/turtlebot3-autonomous-patrol/build/turtlebot3_autonomous_patrol' returned '0': CMAKE_PREFIX_PATH=${CMAKE_PREFIX_PATH}:/opt/ros/jazzy CONDA_PROMPT_MODIFIER=(base) DEBUGINFOD_URLS=https://debuginfod.ubuntu.com /usr/bin/cmake /home/omarads/gz_ws/src/turtlebot3-autonomous-patrol -DCMAKE_INSTALL_PREFIX=/home/omarads/gz_ws/src/turtlebot3-autonomous-patrol/install/turtlebot3_autonomous_patrol
[0.670s] Invoking command in '/home/omarads/gz_ws/src/turtlebot3-autonomous-patrol/build/turtlebot3_autonomous_patrol': CMAKE_PREFIX_PATH=${CMAKE_PREFIX_PATH}:/opt/ros/jazzy CONDA_PROMPT_MODIFIER=(base) DEBUGINFOD_URLS=https://debuginfod.ubuntu.com /usr/bin/cmake --build /home/omarads/gz_ws/src/turtlebot3-autonomous-patrol/build/turtlebot3_autonomous_patrol -- -j32 -l32
[0.700s] Invoked command in '/home/omarads/gz_ws/src/turtlebot3-autonomous-patrol/build/turtlebot3_autonomous_patrol' returned '0': CMAKE_PREFIX_PATH=${CMAKE_PREFIX_PATH}:/opt/ros/jazzy CONDA_PROMPT_MODIFIER=(base) DEBUGINFOD_URLS=https://debuginfod.ubuntu.com /usr/bin/cmake --build /home/omarads/gz_ws/src/turtlebot3-autonomous-patrol/build/turtlebot3_autonomous_patrol -- -j32 -l32
[0.718s] Invoking command in '/home/omarads/gz_ws/src/turtlebot3-autonomous-patrol/build/turtlebot3_autonomous_patrol': CMAKE_PREFIX_PATH=${CMAKE_PREFIX_PATH}:/opt/ros/jazzy CONDA_PROMPT_MODIFIER=(base) DEBUGINFOD_URLS=https://debuginfod.ubuntu.com /usr/bin/cmake --install /home/omarads/gz_ws/src/turtlebot3-autonomous-patrol/build/turtlebot3_autonomous_patrol
[0.732s] -- Install configuration: ""
[0.732s] -- Installing: /home/omarads/gz_ws/src/turtlebot3-autonomous-patrol/install/turtlebot3_autonomous_patrol/share/turtlebot3_autonomous_patrol//worlds
[0.733s] -- Installing: /home/omarads/gz_ws/src/turtlebot3-autonomous-patrol/install/turtlebot3_autonomous_patrol/share/turtlebot3_autonomous_patrol//worlds/four_rooms.sdf
[0.733s] -- Installing: /home/omarads/gz_ws/src/turtlebot3-autonomous-patrol/install/turtlebot3_autonomous_patrol/share/turtlebot3_autonomous_patrol//models
[0.733s] -- Installing: /home/omarads/gz_ws/src/turtlebot3-autonomous-patrol/install/turtlebot3_autonomous_patrol/share/turtlebot3_autonomous_patrol//models/table
[0.733s] -- Installing: /home/omarads/gz_ws/src/turtlebot3-autonomous-patrol/install/turtlebot3_autonomous_patrol/share/turtlebot3_autonomous_patrol//models/table/model.config
[0.733s] -- Installing: /home/omarads/gz_ws/src/turtlebot3-autonomous-patrol/install/turtlebot3_autonomous_patrol/share/turtlebot3_autonomous_patrol//models/table/model.sdf
[0.733s] -- Installing: /home/omarads/gz_ws/src/turtlebot3-autonomous-patrol/install/turtlebot3_autonomous_patrol/share/turtlebot3_autonomous_patrol//models/turtlebot3_waffle
[0.734s] -- Installing: /home/omarads/gz_ws/src/turtlebot3-autonomous-patrol/install/turtlebot3_autonomous_patrol/share/turtlebot3_autonomous_patrol//models/turtlebot3_waffle/model-1_4.sdf
[0.734s] -- Installing: /home/omarads/gz_ws/src/turtlebot3-autonomous-patrol/install/turtlebot3_autonomous_patrol/share/turtlebot3_autonomous_patrol//models/turtlebot3_waffle/model.config
[0.734s] -- Installing: /home/omarads/gz_ws/src/turtlebot3-autonomous-patrol/install/turtlebot3_autonomous_patrol/share/turtlebot3_autonomous_patrol//models/turtlebot3_waffle/model.sdf
[0.734s] -- Installing: /home/omarads/gz_ws/src/turtlebot3-autonomous-patrol/install/turtlebot3_autonomous_patrol/share/turtlebot3_autonomous_patrol//launch
[0.734s] -- Installing: /home/omarads/gz_ws/src/turtlebot3-autonomous-patrol/install/turtlebot3_autonomous_patrol/share/turtlebot3_autonomous_patrol//launch/four_rooms_launch.py
[0.734s] -- Installing: /home/omarads/gz_ws/src/turtlebot3-autonomous-patrol/install/turtlebot3_autonomous_patrol/share/turtlebot3_autonomous_patrol//config
[0.735s] -- Installing: /home/omarads/gz_ws/src/turtlebot3-autonomous-patrol/install/turtlebot3_autonomous_patrol/share/turtlebot3_autonomous_patrol//config/bridge.yaml
[0.735s] -- Installing: /home/omarads/gz_ws/src/turtlebot3-autonomous-patrol/install/turtlebot3_autonomous_patrol/share/ament_index/resource_index/package_run_dependencies/turtlebot3_autonomous_patrol
[0.735s] -- Installing: /home/omarads/gz_ws/src/turtlebot3-autonomous-patrol/install/turtlebot3_autonomous_patrol/share/ament_index/resource_index/parent_prefix_path/turtlebot3_autonomous_patrol
[0.735s] -- Installing: /home/omarads/gz_ws/src/turtlebot3-autonomous-patrol/install/turtlebot3_autonomous_patrol/share/turtlebot3_autonomous_patrol/environment/ament_prefix_path.sh
[0.735s] -- Installing: /home/omarads/gz_ws/src/turtlebot3-autonomous-patrol/install/turtlebot3_autonomous_patrol/share/turtlebot3_autonomous_patrol/environment/ament_prefix_path.dsv
[0.735s] -- Installing: /home/omarads/gz_ws/src/turtlebot3-autonomous-patrol/install/turtlebot3_autonomous_patrol/share/turtlebot3_autonomous_patrol/environment/path.sh
[0.735s] -- Installing: /home/omarads/gz_ws/src/turtlebot3-autonomous-patrol/install/turtlebot3_autonomous_patrol/share/turtlebot3_autonomous_patrol/environment/path.dsv
[0.735s] -- Installing: /home/omarads/gz_ws/src/turtlebot3-autonomous-patrol/install/turtlebot3_autonomous_patrol/share/turtlebot3_autonomous_patrol/local_setup.bash
[0.736s] -- Installing: /home/omarads/gz_ws/src/turtlebot3-autonomous-patrol/install/turtlebot3_autonomous_patrol/share/turtlebot3_autonomous_patrol/local_setup.sh
[0.736s] -- Installing: /home/omarads/gz_ws/src/turtlebot3-autonomous-patrol/install/turtlebot3_autonomous_patrol/share/turtlebot3_autonomous_patrol/local_setup.zsh
[0.736s] -- Installing: /home/omarads/gz_ws/src/turtlebot3-autonomous-patrol/install/turtlebot3_autonomous_patrol/share/turtlebot3_autonomous_patrol/local_setup.dsv
[0.736s] -- Installing: /home/omarads/gz_ws/src/turtlebot3-autonomous-patrol/install/turtlebot3_autonomous_patrol/share/turtlebot3_autonomous_patrol/package.dsv
[0.736s] -- Installing: /home/omarads/gz_ws/src/turtlebot3-autonomous-patrol/install/turtlebot3_autonomous_patrol/share/ament_index/resource_index/packages/turtlebot3_autonomous_patrol
[0.736s] -- Installing: /home/omarads/gz_ws/src/turtlebot3-autonomous-patrol/install/turtlebot3_autonomous_patrol/share/turtlebot3_autonomous_patrol/cmake/turtlebot3_autonomous_patrolConfig.cmake
[0.736s] -- Installing: /home/omarads/gz_ws/src/turtlebot3-autonomous-patrol/install/turtlebot3_autonomous_patrol/share/turtlebot3_autonomous_patrol/cmake/turtlebot3_autonomous_patrolConfig-version.cmake
[0.736s] -- Installing: /home/omarads/gz_ws/src/turtlebot3-autonomous-patrol/install/turtlebot3_autonomous_patrol/share/turtlebot3_autonomous_patrol/package.xml
[0.738s] Invoked command in '/home/omarads/gz_ws/src/turtlebot3-autonomous-patrol/build/turtlebot3_autonomous_patrol' returned '0': CMAKE_PREFIX_PATH=${CMAKE_PREFIX_PATH}:/opt/ros/jazzy CONDA_PROMPT_MODIFIER=(base) DEBUGINFOD_URLS=https://debuginfod.ubuntu.com /usr/bin/cmake --install /home/omarads/gz_ws/src/turtlebot3-autonomous-patrol/build/turtlebot3_autonomous_patrol
